src/flashspaceWeb/bookingModule/booking.routes.ts(12,3): error TS2724: '"./booking.controller"' has no exported member named 'getPartnerSpaceBookingAnalytics'. Did you mean 'getPartnerSpaceBookings'?
src/flashspaceWeb/userDashboardModule/controllers/userDashboard.controller.ts(808,29): error TS2304: Cannot find name 'BookingService'.
src/flashspaceWeb/userDashboardModule/routes/userDashboard.routes.ts(42,21): error TS2304: Cannot find name 'getUserMails'.
src/scripts/test-booking-apis.ts(141,48): error TS2339: Property 'status' does not exist on type '{ id: any; companyName: any; contactName: any; plan: any; space: any; startDate: string; endDate: string; kycStatus: string; }'.
