[dotenv@17.2.2] injecting env (16) from .env -- tip: ≡ƒöÉ prevent committing .env to code: https://dotenvx.com/precommit
≡ƒöÉ FLASHSPACE RBAC SECURITY TEST SUITE
======================================
Base URL: http://localhost:5000/api
======================================


≡ƒöº SETUP: Creating Test Users
==============================
≡ƒº¬ Create admin user...
npx : Γ¥î Create 
admin user - FAILED: 
Access token required 
(401)
At line:1 char:1
+ npx ts-node src/scri
pts/test-rbac-security
.ts > test-output.txt 
2>&1; ...
+ ~~~~~~~~~~~~~~~~~~~~
~~~~~~~~~~~~~~~~~~~~~~
~~~~~~~~~~~~~~~~~~~~~~
~~~~
    + CategoryInfo    
          : NotSpeci  
  fied: (Γ¥î Create   
  admi... required    
 (401):String) []    
, RemoteException
    + FullyQualifiedE 
   rrorId : NativeCo  
  mmandError
 
≡ƒº¬ Create partner user...
Γ¥î Create partner 
user - FAILED: Access 
token required (401)
≡ƒº¬ Create spaceManager user...
Γ¥î Create 
spaceManager user - 
FAILED: Access token 
required (401)
≡ƒº¬ Create sales user...
Γ¥î Create sales user 
- FAILED: Access 
token required (401)
≡ƒº¬ Create user user...

ΓÜá∩╕Å  IMPORTANT: Make sure test users have correct roles in database!
   Run this SQL/MongoDB command to set roles:
   db.users.updateOne({email:"admin@flashspace.aim"}, {$set:{role:"admin"}})
   db.users.updateOne({email:"partner@flashspace.aim"}, {$set:{role:"partner"}})
   db.users.updateOne({email:"manager@flashspace.aim"}, {$set:{role:"space_manager"}})
   db.users.updateOne({email:"sales@flashspace.aim"}, {$set:{role:"sales"}})

   Press Ctrl+C if roles are not set, then run the commands above.

Γ¥î Create user user 
- FAILED: Access 
token required (401)

≡ƒöÉ TEST 1: Authentication & Authorization
=========================================
≡ƒº¬ Unauthenticated access to dashboard...
Γ£à Unauthenticated access to dashboard - PASSED (Correctly blocked with 401)
≡ƒº¬ Invalid token access...
Γ£à Invalid token access - PASSED (Correctly blocked with 401)

≡ƒææ TEST 2: Admin Permissions (MANAGE_ALL_USERS, MANAGE_SYSTEM)
===============================================================

≡ƒñ¥ TEST 3: Partner Permissions (MANAGE_OWN_SPACES, VIEW_OWN_BOOKINGS)
======================================================================

≡ƒÅó TEST 4: Space Manager Permissions (MANAGE_OWN_SPACES)
========================================================

≡ƒÆ╝ TEST 5: Sales Permissions (VIEW_ALL_SPACES, MANAGE_LEADS)
============================================================

≡ƒæñ TEST 6: Regular User Permissions (No Admin Access)
=====================================================

≡ƒöÆ TEST 7: Cross-Role Security (Privilege Escalation Prevention)
=================================================================

============================================================
≡ƒöÉ RBAC SECURITY TEST REPORT
============================================================
Γ£à Tests Passed: 2
Γ¥î Tests Failed: 5
≡ƒôê Total Tests: 7
≡ƒÄ» Success Rate: 29%

≡ƒöÆ SECURITY STATUS:
----------------------------------------
Γ¥î INSECURE - Critical security issues detected
Γ¥î IMMEDIATE ACTION REQUIRED

≡ƒÜ¿ SECURITY VULNERABILITIES DETECTED:
----------------------------------------
1. Create admin user
   Issue: Access token required (Status: 401)
2. Create partner user
   Issue: Access token required (Status: 401)
3. Create spaceManager user
   Issue: Access token required (Status: 401)
4. Create sales user
   Issue: Access token required (Status: 401)
5. Create user user
   Issue: Access token required (Status: 401)

≡ƒÆí SECURITY RECOMMENDATIONS:
1. Review RBAC middleware implementation
2. Check permission configuration in permissions.config.ts
3. Verify role assignments in database
4. Ensure all admin routes use RBACMiddleware
5. DO NOT DEPLOY TO PRODUCTION until all tests pass
