node.exe : C:\Users\dhruv\D
ocuments\Antigravity\flashs
pace-web-server\src\flashsp
aceWeb\authModule\utils\jwt
.util.ts:13
At C:\Program 
Files\nodejs\npx.ps1:29 
char:3
+   & $NODE_EXE 
$NPX_CLI_JS $args
+   ~~~~~~~~~~~~~~~~~~~~~~~
~~~~~~
    + CategoryInfo         
     : NotSpecified: (C:\  
  Users\dhruv\...\jwt.ut   
 il.ts:13:String) [], R    
emoteException
    + FullyQualifiedErrorI 
   d : NativeCommandError
 
  })();
    ^
Error: JWT_ACCESS_SECRET 
environment variable is 
required but not set
    at C:\Users\dhruv\Docum
ents\Antigravity\flashspace
-web-server\src\flashspaceW
eb\authModule\utils\jwt.uti
l.ts:8:13
    at Object.<anonymous> (
C:\Users\dhruv\Documents\An
tigravity\flashspace-web-se
rver\src\flashspaceWeb\auth
Module\utils\jwt.util.ts:13
:5)
    at Module._compile (nod
e:internal/modules/cjs/load
er:1562:14)
    at Module.m._compile (C
:\Users\dhruv\Documents\Ant
igravity\flashspace-web-ser
ver\node_modules\ts-node\sr
c\index.ts:1618:23)
    at node:internal/module
s/cjs/loader:1699:10
    at Object.require.exten
sions.<computed> [as .ts] (
C:\Users\dhruv\Documents\An
tigravity\flashspace-web-se
rver\node_modules\ts-node\s
rc\index.ts:1621:12)
    at Module.load (node:in
ternal/modules/cjs/loader:1
313:32)
    at Function._load (node
:internal/modules/cjs/loade
r:1123:12)
    at 
TracingChannel.traceSync (n
ode:diagnostics_channel:322
:14)
    at wrapModuleLoad (node
:internal/modules/cjs/loade
r:217:24)
