src/flashspaceWeb/creditLedgerModule/creditExpiration.cron.ts(1,18): error TS2307: Cannot find module 'node-cron' or its corresponding type declarations.
src/scripts/bulkseed.ts(7,23): error TS2307: Cannot find module '@faker-js/faker' or its corresponding type declarations.
